#-----------------------------------------------------------
# Vivado v2017.4 (64-bit)
# SW Build 2086221 on Fri Dec 15 20:55:39 MST 2017
# IP Build 2085800 on Fri Dec 15 22:25:07 MST 2017
# Start of session at: Thu Jun  7 12:32:07 2018
# Process ID: 16576
# Current directory: C:/Users/sfrazee/AppData/Roaming/Xilinx/Vivado
# Command line: vivado.exe -gui_launcher_event rodinguilauncherevent400
# Log file: C:/Users/sfrazee/AppData/Roaming/Xilinx/Vivado/vivado.log
# Journal file: C:/Users/sfrazee/AppData/Roaming/Xilinx/Vivado\vivado.jou
#-----------------------------------------------------------
start_gui
open_project C:/Users/sfrazee/Downloads/VHDL-Binary-Teacher-master/BinaryTeachingBoard/BinaryTeachingBoard.xpr
update_compile_order -fileset sources_1
archive_project C:/Users/sfrazee/Downloads/VHDL-Binary-Teacher-master-newest/BinaryTeachingBoard.xpr.zip -temp_dir C:/Users/sfrazee/AppData/Roaming/Xilinx/Vivado/.Xil/Vivado-16576-SFRAZEE-NP8952 -force -include_local_ip_cache -include_config_settings
