Copyright 1986-2017 Xilinx, Inc. All Rights Reserved.
------------------------------------------------------------------------------------
| Tool Version : Vivado v.2017.4 (win64) Build 2086221 Fri Dec 15 20:55:39 MST 2017
| Date         : Thu Jun  7 10:24:50 2018
| Host         : SFRAZEE-NP8952 running 64-bit major release  (build 9200)
| Command      : report_control_sets -verbose -file game_control_sets_placed.rpt
| Design       : game
| Device       : xc7a35t
------------------------------------------------------------------------------------

Control Set Information

Table of Contents
-----------------
1. Summary
2. Flip-Flop Distribution
3. Detailed Control Set Information

1. Summary
----------

+----------------------------------------------------------+-------+
|                          Status                          | Count |
+----------------------------------------------------------+-------+
| Number of unique control sets                            |     6 |
| Unused register locations in slices containing registers |    16 |
+----------------------------------------------------------+-------+


2. Flip-Flop Distribution
-------------------------

+--------------+-----------------------+------------------------+-----------------+--------------+
| Clock Enable | Synchronous Set/Reset | Asynchronous Set/Reset | Total Registers | Total Slices |
+--------------+-----------------------+------------------------+-----------------+--------------+
| No           | No                    | No                     |               6 |            3 |
| No           | No                    | Yes                    |              20 |           11 |
| No           | Yes                   | No                     |              62 |           16 |
| Yes          | No                    | No                     |               0 |            0 |
| Yes          | No                    | Yes                    |               0 |            0 |
| Yes          | Yes                   | No                     |               0 |            0 |
+--------------+-----------------------+------------------------+-----------------+--------------+


3. Detailed Control Set Information
-----------------------------------

+-----------------------+---------------+--------------------------+------------------+----------------+
|      Clock Signal     | Enable Signal |     Set/Reset Signal     | Slice Load Count | Bel Load Count |
+-----------------------+---------------+--------------------------+------------------+----------------+
|  DisplayIt/my_clk/CLK |               |                          |                1 |              2 |
|  clk_IBUF_BUFG        |               |                          |                2 |              4 |
|  clk_IBUF_BUFG        |               | reset_IBUF               |                4 |              4 |
|  slowdown/CLK         |               | reset_IBUF               |                7 |             16 |
|  clk_IBUF_BUFG        |               | slowdown/tmp_clk         |                8 |             31 |
|  clk_IBUF_BUFG        |               | DisplayIt/my_clk/tmp_clk |                8 |             31 |
+-----------------------+---------------+--------------------------+------------------+----------------+


+--------+-----------------------+
| Fanout | Number of ControlSets |
+--------+-----------------------+
| 2      |                     1 |
| 4      |                     2 |
| 16+    |                     3 |
+--------+-----------------------+


